<html>
<body>
<pre>
<h1>µVision Build Log</h1>
<h2>Tool Versions:</h2>
IDE-Version: ¦ÌVision V5.40.0.0
Copyright (C) 2024 ARM Ltd and ARM Germany GmbH. All rights reserved.
License Information: 1 lenovo, 1, LIC=KRMW3-AYYL6-639MB-26RYD-7EGBG-2FH7A
 
Tool Versions:
Toolchain:       MDK-ARM Plus  Version: 5.40.0.3
Toolchain Path:  D:\Keil5\ARM\ARMCLANG\Bin
C Compiler:      ArmClang.exe V6.22
Assembler:       Armasm.exe V6.22
Linker/Locator:  ArmLink.exe V6.22
Library Manager: ArmAr.exe V6.22
Hex Converter:   FromElf.exe V6.22
CPU DLL:         SARMCM3.DLL V5.40.0.3
Dialog DLL:      DCM.DLL V1.17.5.0
Target DLL:      Segger\JL2CM3.dll V2.99.44.0
Dialog DLL:      TCM.DLL V1.56.4.0
 
<h2>Project:</h2>
E:\test\project\project_6_1\MDK-ARM\test_vl53l8cx.uvprojx
Project File Date:  03/25/2026

<h2>Output:</h2>
*** Using Compiler 'V6.22', folder: 'D:\Keil5\ARM\ARMCLANG\Bin'
Rebuild target 'test_vl53l8cx'
compiling stm32g4xx_hal_msp.c...
assembling startup_stm32g431xx.s...
compiling bsp.c...
compiling usart.c...
compiling gpio.c...
compiling dma.c...
compiling stm32g4xx_it.c...
compiling custom_bus.c...
../TOF/App/app_tof.c(257): warning: format specifies type 'long' but the argument has type 'int32_t' (aka 'int') [-Wformat]
  257 |         printf("Sensor %d Start Failed! Status: %ld\n", i, status);
      |                                                 ~~~        ^~~~~~
      |                                                 %d
1 warning generated.
compiling app_tof.c...
compiling main.c...
compiling custom.c...
compiling stm32g4xx_hal_i2c_ex.c...
compiling stm32g4xx_hal.c...
compiling stm32g4xx_hal_flash_ramfunc.c...
compiling stm32g4xx_hal_rcc.c...
compiling stm32g4xx_hal_flash.c...
compiling stm32g4xx_hal_flash_ex.c...
compiling stm32g4xx_hal_gpio.c...
compiling stm32g4xx_hal_exti.c...
compiling stm32g4xx_hal_dma_ex.c...
compiling stm32g4xx_hal_rcc_ex.c...
compiling stm32g4xx_hal_pwr.c...
compiling stm32g4xx_hal_dma.c...
compiling stm32g4xx_hal_pwr_ex.c...
compiling stm32g4xx_hal_cortex.c...
compiling system_stm32g4xx.c...
compiling platform.c...
compiling vl53l8cx_plugin_motion_indicator.c...
compiling stm32g4xx_hal_uart_ex.c...
compiling vl53l8cx_plugin_detection_thresholds.c...
compiling vl53l8cx_plugin_xtalk.c...
compiling vl53l8cx.c...
compiling stm32g4xx_hal_i2c.c...
compiling 53l8a1_ranging_sensor.c...
compiling stm32g4xx_hal_uart.c...
compiling vl53l8cx_api.c...
linking...
Program Size: Code=38956 RO-data=89908 RW-data=76 ZI-data=15956  
FromELF: creating hex file...
"test_vl53l8cx\test_vl53l8cx.axf" - 0 Error(s), 1 Warning(s).

<h2>Software Packages used:</h2>

Package Vendor: ARM
                https://www.keil.com/pack/ARM.CMSIS.6.1.0.pack
                ARM::CMSIS@6.1.0
                CMSIS (Common Microcontroller Software Interface Standard)
   * Component: CORE Version: 6.1.0

Package Vendor: Keil
                https://www.keil.com/pack/Keil.STM32G4xx_DFP.1.6.0.pack
                Keil::STM32G4xx_DFP@1.6.0
                STMicroelectronics STM32G4 Series Device Support, Drivers and Examples

<h2>Collection of Component include folders:</h2>
  ./RTE/_test_vl53l8cx
  D:/Keil5/ARM/CMSIS/6.1.0/CMSIS/Core/Include
  D:/Keil5/Keil/STM32G4xx_DFP/1.6.0/Drivers/CMSIS/Device/ST/STM32G4xx/Include

<h2>Collection of Component Files used:</h2>

   * Component: ARM::CMSIS:CORE@6.1.0
      Include file:  CMSIS/Core/Include/tz_context.h
Build Time Elapsed:  00:00:01
</pre>
</body>
</html>
